// Jest Snapshot v1, https://goo.gl/fbAQLP

exports[`zfe snapshot to match 1`] = `
<div
  class="cr-app"
>
  <div>
    echarts version 4.6.0
  </div>
  <div>
    ZFG version 1.0.2
  </div>
</div>
`;
